Archive member included to satisfy reference by file (symbol)

/usr/lib/gcc/avr/13.2.0/avrxmega4/libgcc.a(_mulsi3.o)
                              build/default/production/_ext/338157154/u8g2_arc.o (__mulsi3)
/usr/lib/gcc/avr/13.2.0/avrxmega4/libgcc.a(_udivmodhi4.o)
                              build/default/production/_ext/338157154/u8g2_selection_list.o (__udivmodhi4)
/usr/lib/gcc/avr/13.2.0/avrxmega4/libgcc.a(_divmodhi4.o)
                              build/default/production/_ext/338157154/u8g2_arc.o (__divmodhi4)
/usr/lib/gcc/avr/13.2.0/avrxmega4/libgcc.a(_udivmodsi4.o)
                              build/default/production/_ext/338157154/u8g2_arc.o (__udivmodsi4)
/usr/lib/gcc/avr/13.2.0/avrxmega4/libgcc.a(_divmodsi4.o)
                              build/default/production/_ext/338157154/mui_u8g2.o (__divmodsi4)
/usr/lib/gcc/avr/13.2.0/avrxmega4/libgcc.a(_negsi2.o)
                              /usr/lib/gcc/avr/13.2.0/avrxmega4/libgcc.a(_divmodsi4.o) (__negsi2)
/usr/lib/gcc/avr/13.2.0/avrxmega4/libgcc.a(_exit.o)
                              /opt/microchip/mplabx/v6.15/packs/Microchip/AVR-Dx_DFP/2.3.272/gcc/dev/avr128da28/avrxmega4/crtavr128da28.o (exit)
/usr/lib/gcc/avr/13.2.0/avrxmega4/libgcc.a(_tablejump2.o)
                              build/default/production/_ext/338157154/mui.o (__tablejump2__)
/usr/lib/gcc/avr/13.2.0/avrxmega4/libgcc.a(_copy_data.o)
                              build/default/production/_ext/338157154/u8g2_input_value.o (__do_copy_data)
/usr/lib/gcc/avr/13.2.0/avrxmega4/libgcc.a(_clear_bss.o)
                              build/default/production/_ext/338157154/u8x8_d_il3820_296x128.o (__do_clear_bss)
/usr/lib/gcc/avr/13.2.0/avrxmega4/libgcc.a(_umulhisi3.o)
                              build/default/production/_ext/338157154/u8x8_u16toa.o (__umulhisi3)
/usr/lib/gcc/avr/13.2.0/avrxmega4/libgcc.a(_muluhisi3.o)
                              build/default/production/_ext/338157154/u8g2_circle.o (__muluhisi3)
/usr/lib/gcc/avr/13.2.0/../../../../avr/lib/avrxmega4/libc.a(memset.o)
                              build/default/production/_ext/338157154/u8g2_buffer.o (memset)
/usr/lib/gcc/avr/13.2.0/../../../../avr/lib/avrxmega4/libc.a(putchar.o)
                              build/default/production/_ext/338157154/u8x8_d_stdio.o (putchar)
/usr/lib/gcc/avr/13.2.0/../../../../avr/lib/avrxmega4/libc.a(fputc.o)
                              /usr/lib/gcc/avr/13.2.0/../../../../avr/lib/avrxmega4/libc.a(putchar.o) (fputc)
/usr/lib/gcc/avr/13.2.0/../../../../avr/lib/avrxmega4/libc.a(iob.o)
                              /usr/lib/gcc/avr/13.2.0/../../../../avr/lib/avrxmega4/libc.a(putchar.o) (__iob)

Discarded input sections

 .data          0x00000000        0x0 /opt/microchip/mplabx/v6.15/packs/Microchip/AVR-Dx_DFP/2.3.272/gcc/dev/avr128da28/avrxmega4/crtavr128da28.o
 .bss           0x00000000        0x0 /opt/microchip/mplabx/v6.15/packs/Microchip/AVR-Dx_DFP/2.3.272/gcc/dev/avr128da28/avrxmega4/crtavr128da28.o
 .text          0x00000000        0x0 build/default/production/_ext/338157154/u8g2_fonts.o
 .data          0x00000000        0x0 build/default/production/_ext/338157154/u8g2_fonts.o
 .bss           0x00000000        0x0 build/default/production/_ext/338157154/u8g2_fonts.o
 .progmem.u8g2_font_px437wyse700b_mn
                0x00000000      0x148 build/default/production/_ext/338157154/u8g2_fonts.o
 .progmem.u8g2_font_px437wyse700b_mr
                0x00000000      0x755 build/default/production/_ext/338157154/u8g2_fonts.o
 .progmem.u8g2_font_px437wyse700b_mf
                0x00000000      0xbfa build/default/production/_ext/338157154/u8g2_fonts.o
 .progmem.u8g2_font_px437wyse700b_tn
                0x00000000      0x11c build/default/production/_ext/338157154/u8g2_fonts.o
 .progmem.u8g2_font_px437wyse700b_tr
                0x00000000      0x5ab build/default/production/_ext/338157154/u8g2_fonts.o
 .progmem.u8g2_font_px437wyse700b_tf
                0x00000000      0x97b build/default/production/_ext/338157154/u8g2_fonts.o
 .progmem.u8g2_font_px437wyse700a_mn
                0x00000000      0x147 build/default/production/_ext/338157154/u8g2_fonts.o
 .progmem.u8g2_font_px437wyse700a_mr
                0x00000000      0x77b build/default/production/_ext/338157154/u8g2_fonts.o
 .progmem.u8g2_font_px437wyse700a_mf
                0x00000000      0xc04 build/default/production/_ext/338157154/u8g2_fonts.o
 .progmem.u8g2_font_px437wyse700a_tn
                0x00000000      0x11f build/default/production/_ext/338157154/u8g2_fonts.o
 .progmem.u8g2_font_px437wyse700a_tr
                0x00000000      0x625 build/default/production/_ext/338157154/u8g2_fonts.o
 .progmem.u8g2_font_px437wyse700a_tf
                0x00000000      0xa38 build/default/production/_ext/338157154/u8g2_fonts.o
 .progmem.u8g2_font_pxplusibmvga8_m_all
                0x00000000     0x348b build/default/production/_ext/338157154/u8g2_fonts.o
 .progmem.u8g2_font_pxplusibmvga8_t_all
[...]
Memory Configuration

Name             Origin             Length             Attributes
text             0x00000000         0x00020000         xr
data             0x00804000         0x00004000         rw!x
eeprom           0x00810000         0x00000200         rw!x
fuse             0x00820000         0x00000010         rw!x
lock             0x00830000         0x00000400         rw!x
signature        0x00840000         0x00000400         rw!x
user_signatures  0x00850000         0x00000400         rw!x
*default*        0x00000000         0xffffffff

Linker script and memory map

Address of section .data set to 0x804000
                0x00008000                        __RODATA_PM_OFFSET__ = 0x8000
LOAD /opt/microchip/mplabx/v6.15/packs/Microchip/AVR-Dx_DFP/2.3.272/gcc/dev/avr128da28/avrxmega4/crtavr128da28.o
LOAD build/default/production/_ext/338157154/u8g2_fonts.o
LOAD build/default/production/_ext/338157154/u8g2_input_value.o
LOAD build/default/production/_ext/338157154/u8x8_d_il3820_296x128.o
LOAD build/default/production/_ext/338157154/u8x8_u16toa.o
LOAD build/default/production/_ext/338157154/u8x8_d_ist7920.o
LOAD build/default/production/_ext/338157154/u8x8_d_st7565.o
LOAD build/default/production/_ext/338157154/u8x8_d_uc1604.o
LOAD build/default/production/_ext/338157154/u8x8_d_sh1122.o
LOAD build/default/production/_ext/338157154/u8x8_d_sed1330.o
LOAD build/default/production/_ext/338157154/u8x8_d_st7920.o
LOAD build/default/production/_ext/338157154/u8g2_intersection.o
LOAD build/default/production/_ext/338157154/u8x8_d_sh1106_72x40.o
LOAD build/default/production/_ext/338157154/u8x8_input_value.o
LOAD build/default/production/_ext/338157154/u8g2_d_memory.o
LOAD build/default/production/_ext/338157154/u8x8_d_stdio.o
LOAD build/default/production/_ext/338157154/u8x8_d_ssd1317.o
LOAD build/default/production/_ext/338157154/u8x8_byte.o
LOAD build/default/production/_ext/338157154/u8x8_setup.o
LOAD build/default/production/_ext/338157154/u8x8_u8toa.o
LOAD build/default/production/_ext/338157154/u8x8_d_gu800.o
LOAD build/default/production/_ext/338157154/u8x8_8x8.o
LOAD build/default/production/_ext/338157154/u8g2_font.o
LOAD build/default/production/_ext/338157154/u8x8_d_t6963.o
LOAD build/default/production/_ext/338157154/u8g2_cleardisplay.o
LOAD build/default/production/_ext/338157154/u8x8_d_lc7981.o
LOAD build/default/production/_ext/338157154/u8x8_d_st7511.o
LOAD build/default/production/_ext/338157154/u8x8_d_ist3088.o
LOAD build/default/production/_ext/338157154/u8x8_d_st7528.o
LOAD build/default/production/_ext/338157154/u8x8_d_sh1108.o
LOAD build/default/production/_ext/338157154/u8x8_d_ssd1329.o
LOAD build/default/production/_ext/338157154/u8x8_d_gp1294ai.o
LOAD build/default/production/_ext/338157154/u8x8_d_ks0108.o
LOAD build/default/production/_ext/338157154/u8x8_d_sh1106_64x32.o
LOAD build/default/production/_ext/338157154/mui_u8g2.o
LOAD build/default/production/_ext/338157154/u8x8_d_s1d15300.o
LOAD build/default/production/_ext/338157154/u8x8_selection_list.o
LOAD build/default/production/_ext/338157154/u8x8_d_ssd1325.o
LOAD build/default/production/_ext/338157154/u8g2_box.o
LOAD build/default/production/_ext/338157154/u8x8_d_uc1628.o
LOAD build/default/production/_ext/338157154/u8x8_d_hd44102.o
LOAD build/default/production/_ext/338157154/u8x8_d_st7586s_s028hn118a.o
LOAD build/default/production/_ext/338157154/u8g2_button.o
LOAD build/default/production/_ext/338157154/u8x8_d_st7586s_erc240160.o
LOAD build/default/production/_ext/338157154/u8x8_d_st75160.o
LOAD build/default/production/_ext/338157154/u8x8_d_ssd1306_48x64.o
LOAD build/default/production/_ext/338157154/u8x8_d_st75256.o
LOAD build/default/production/_ext/338157154/u8x8_d_st7586s_jlx384160.o
LOAD build/default/production/_ext/338157154/u8x8_fonts.o
LOAD build/default/production/_ext/338157154/u8g2_arc.o
LOAD build/default/production/_ext/338157154/u8log_u8g2.o
LOAD build/default/production/_ext/338157154/u8x8_d_st7588.o
LOAD build/default/production/_ext/338157154/u8x8_d_uc1701_dogs102.o
LOAD build/default/production/_ext/338157154/u8x8_d_ssd1316.o
LOAD build/default/production/_ext/338157154/u8g2_selection_list.o
LOAD build/default/production/_ext/338157154/u8g2_ll_hvline.o
LOAD build/default/production/_ext/338157154/u8x8_d_ssd1306_128x32.o
LOAD build/default/production/_ext/338157154/u8x8_d_st7586s_ymc240160.o
LOAD build/default/production/_ext/338157154/u8x8_d_st7539.o
LOAD build/default/production/_ext/338157154/u8x8_d_ssd1607_200x200.o
LOAD build/default/production/_ext/338157154/mui.o
LOAD build/default/production/_ext/338157154/u8g2_line.o
LOAD build/default/production/_ext/338157154/u8x8_d_ssd1306_96x16.o
LOAD build/default/production/_ext/338157154/u8x8_string.o
LOAD build/default/production/_ext/338157154/u8x8_d_ssd1306_96x40.o
LOAD build/default/production/_ext/338157154/u8x8_d_ls013b7dh03.o
LOAD build/default/production/_ext/338157154/u8x8_d_uc1609.o
LOAD build/default/production/_ext/338157154/u8g2_hvline.o
LOAD build/default/production/_ext/338157154/u8x8_d_pcf8812.o
LOAD build/default/production/_ext/338157154/u8x8_d_gp1287ai.o
LOAD build/default/production/_ext/338157154/u8x8_d_uc1701_mini12864.o
LOAD build/default/production/_ext/338157154/u8x8_d_uc1611.o
LOAD build/default/production/_ext/338157154/u8x8_message.o
LOAD build/default/production/_ext/338157154/u8x8_d_ld7032_60x32.o
LOAD build/default/production/_ext/338157154/u8x8_d_ssd1362.o
LOAD build/default/production/_ext/338157154/u8x8_d_ssd1606_172x72.o
LOAD build/default/production/_ext/338157154/u8x8_d_sh1107.o
LOAD build/default/production/_ext/338157154/u8log.o
LOAD build/default/production/_ext/338157154/u8x8_d_uc1617.o
LOAD build/default/production/_ext/338157154/u8x8_d_st75320.o
LOAD build/default/production/_ext/338157154/u8x8_d_ssd1306_64x48.o
LOAD build/default/production/_ext/338157154/u8x8_d_ssd1306_64x32.o
LOAD build/default/production/_ext/338157154/u8x8_d_uc1601.o
LOAD build/default/production/_ext/338157154/u8x8_d_ssd1326.o
LOAD build/default/production/_ext/338157154/u8log_u8x8.o
LOAD build/default/production/_ext/338157154/u8x8_d_uc1608.o
LOAD build/default/production/_ext/338157154/u8x8_d_uc1638.o
LOAD build/default/production/_ext/338157154/u8x8_d_ssd1306_72x40.o
LOAD build/default/production/_ext/338157154/u8g2_d_setup.o
LOAD build/default/production/_ext/338157154/u8x8_d_pcf8814_hx1230.o
LOAD build/default/production/_ext/338157154/u8x8_d_ssd1318.o
LOAD build/default/production/_ext/338157154/u8x8_d_sbn1661.o
LOAD build/default/production/_ext/338157154/u8x8_d_ssd1322.o
LOAD build/default/production/_ext/338157154/u8x8_d_ssd1320.o
LOAD build/default/production/_ext/338157154/u8x8_d_ssd1309.o
LOAD build/default/production/_ext/338157154/u8x8_d_ssd1306_2040x16.o
LOAD build/default/production/_ext/338157154/u8x8_display.o
LOAD build/default/production/_ext/338157154/u8x8_d_st7586s_jlx320160.o
LOAD build/default/production/_ext/338157154/u8x8_d_ssd1327.o
LOAD build/default/production/_ext/338157154/u8x8_d_uc1610.o
LOAD build/default/production/_ext/338157154/u8g2_buffer.o
LOAD build/default/production/_ext/338157154/u8x8_d_ist3020.o
LOAD build/default/production/_ext/338157154/u8x8_d_st7567.o
LOAD build/default/production/_ext/338157154/u8g2_setup.o
LOAD build/default/production/_ext/338157154/u8x8_d_s1d15e06.o
LOAD build/default/production/_ext/338157154/u8x8_d_ssd1306_128x64_noname.o
LOAD build/default/production/_ext/338157154/u8x8_d_s1d15721.o
LOAD build/default/production/_ext/338157154/u8x8_d_max7219.o
LOAD build/default/production/_ext/338157154/u8x8_debounce.o
LOAD build/default/production/_ext/338157154/u8x8_cad.o
LOAD build/default/production/_ext/338157154/u8x8_d_a2printer.o
LOAD build/default/production/_ext/338157154/u8x8_gpio.o
LOAD build/default/production/_ext/338157154/u8g2_circle.o
LOAD build/default/production/_ext/338157154/u8x8_d_gp1247ai.o
LOAD build/default/production/_ext/338157154/u8g2_message.o
LOAD build/default/production/_ext/338157154/u8g2_bitmap.o
LOAD build/default/production/_ext/338157154/u8x8_capture.o
LOAD build/default/production/_ext/338157154/u8x8_d_pcd8544_84x48.o
LOAD build/default/production/_ext/338157154/u8x8_d_st7571.o
LOAD build/default/production/_ext/338157154/u8g2_polygon.o
LOAD build/default/production/_ext/338157154/u8x8_d_ssd1305.o
LOAD build/default/production/_ext/338157154/u8g2_kerning.o
LOAD build/default/production/_ext/1244890054/twimastertimeout.o
LOAD build/default/production/_ext/1901844053/u8x8_avr.o
LOAD build/default/production/_ext/279706397/main.o
                0x00000001                        __MPLAB_BUILD = 0x1
START GROUP
LOAD /usr/lib/gcc/avr/13.2.0/../../../../avr/lib/avrxmega4/libm.a
END GROUP
START GROUP
LOAD /usr/lib/gcc/avr/13.2.0/avrxmega4/libgcc.a
LOAD /usr/lib/gcc/avr/13.2.0/../../../../avr/lib/avrxmega4/libm.a
LOAD /usr/lib/gcc/avr/13.2.0/../../../../avr/lib/avrxmega4/libc.a
LOAD /opt/microchip/mplabx/v6.15/packs/Microchip/AVR-Dx_DFP/2.3.272/gcc/dev/avr128da28/avrxmega4/libavr128da28.a
END GROUP
                [0x00020000]                      __TEXT_REGION_LENGTH__ = DEFINED (__TEXT_REGION_LENGTH__)?__TEXT_REGION_LENGTH__:0x100000
                [0x00804000]                      __DATA_REGION_ORIGIN__ = DEFINED (__DATA_REGION_ORIGIN__)?__DATA_REGION_ORIGIN__:0x802000
                [0x00004000]                      __DATA_REGION_LENGTH__ = DEFINED (__DATA_REGION_LENGTH__)?__DATA_REGION_LENGTH__:0xffa0
                [0x00000200]                      __EEPROM_REGION_LENGTH__ = DEFINED (__EEPROM_REGION_LENGTH__)?__EEPROM_REGION_LENGTH__:0x10000
                [0x00000010]                      __FUSE_REGION_LENGTH__ = DEFINED (__FUSE_REGION_LENGTH__)?__FUSE_REGION_LENGTH__:0x400
                0x00000400                        __LOCK_REGION_LENGTH__ = DEFINED (__LOCK_REGION_LENGTH__)?__LOCK_REGION_LENGTH__:0x400
                0x00000400                        __SIGNATURE_REGION_LENGTH__ = DEFINED (__SIGNATURE_REGION_LENGTH__)?__SIGNATURE_REGION_LENGTH__:0x400
                0x00000400                        __USER_SIGNATURE_REGION_LENGTH__ = DEFINED (__USER_SIGNATURE_REGION_LENGTH__)?__USER_SIGNATURE_REGION_LENGTH__:0x400

.hash
 *(.hash)

.dynsym
 *(.dynsym)

.dynstr
 *(.dynstr)

.gnu.version
 *(.gnu.version)

.gnu.version_d
 *(.gnu.version_d)

.gnu.version_r
 *(.gnu.version_r)

.rel.init
 *(.rel.init)

.rela.init
 *(.rela.init)

.rel.text
 *(.rel.text)
 *(.rel.text.*)
 *(.rel.gnu.linkonce.t*)

.rela.text
 *(.rela.text)
 *(.rela.text.*)
 *(.rela.gnu.linkonce.t*)

.rel.fini
 *(.rel.fini)

.rela.fini
 *(.rela.fini)

.rel.rodata
 *(.rel.rodata)
 *(.rel.rodata.*)
 *(.rel.gnu.linkonce.r*)

.rela.rodata
 *(.rela.rodata)
 *(.rela.rodata.*)
 *(.rela.gnu.linkonce.r*)

.rel.data
 *(.rel.data)
 *(.rel.data.*)
 *(.rel.gnu.linkonce.d*)

.rela.data
 *(.rela.data)
 *(.rela.data.*)
 *(.rela.gnu.linkonce.d*)

.rel.ctors
 *(.rel.ctors)

.rela.ctors
 *(.rela.ctors)

.rel.dtors
 *(.rel.dtors)

.rela.dtors
 *(.rela.dtors)

.rel.got
 *(.rel.got)

.rela.got
 *(.rela.got)

.rel.bss
 *(.rel.bss)

.rela.bss
 *(.rela.bss)

.rel.plt
 *(.rel.plt)

.rela.plt
 *(.rela.plt)

.text           0x00000000     0x1df8
 *(.vectors)
 .vectors       0x00000000       0xa4 /opt/microchip/mplabx/v6.15/packs/Microchip/AVR-Dx_DFP/2.3.272/gcc/dev/avr128da28/avrxmega4/crtavr128da28.o
                0x00000000                __vector_default
                0x00000000                __vectors
 *(.vectors)
 *(.progmem.gcc*)
                0x000000a4                        . = ALIGN (0x2)
                0x000000a4                        __trampolines_start = .
 *(.trampolines)
 .trampolines   0x000000a4        0x0 linker stubs
 *(.trampolines*)
                0x000000a4                        __trampolines_end = .
 *libprintf_flt.a:*(.progmem.data)
 *libc.a:*(.progmem.data)
 *(.progmem.*)
 .progmem.u8g2_font_smart_patrol_nbp_tr
                0x000000a4      0x4da build/default/production/_ext/338157154/u8g2_fonts.o
                0x000000a4                u8g2_font_smart_patrol_nbp_tr
                0x0000057e                        . = ALIGN (0x2)
 *(.lowtext)
 *(.lowtext*)
                0x0000057e                        __ctors_start = .
 *(.ctors)
                0x0000057e                        __ctors_end = .
                0x0000057e                        __dtors_start = .
 *(.dtors)
                0x0000057e                        __dtors_end = .
 SORT_BY_NAME(*)(.ctors)
 SORT_BY_NAME(*)(.dtors)
 *(.init0)
 .init0         0x0000057e        0x0 /opt/microchip/mplabx/v6.15/packs/Microchip/AVR-Dx_DFP/2.3.272/gcc/dev/avr128da28/avrxmega4/crtavr128da28.o
                0x0000057e                __init
 *(.init0)
 *(.init1)
 *(.init1)
 *(.init2)
 .init2         0x0000057e        0xc /opt/microchip/mplabx/v6.15/packs/Microchip/AVR-Dx_DFP/2.3.272/gcc/dev/avr128da28/avrxmega4/crtavr128da28.o
 *(.init2)
 *(.init3)
 *(.init3)
 *(.init4)
 .init4         0x0000058a       0x1a /usr/lib/gcc/avr/13.2.0/avrxmega4/libgcc.a(_copy_data.o)
                0x0000058a                __do_copy_data
 .init4         0x000005a4       0x10 /usr/lib/gcc/avr/13.2.0/avrxmega4/libgcc.a(_clear_bss.o)
                0x000005a4                __do_clear_bss
 *(.init4)
 *(.init5)
 *(.init5)
 *(.init6)
 *(.init6)
 *(.init7)
 *(.init7)
 *(.init8)
 *(.init8)
 *(.init9)
 .init9         0x000005b4        0x8 /opt/microchip/mplabx/v6.15/packs/Microchip/AVR-Dx_DFP/2.3.272/gcc/dev/avr128da28/avrxmega4/crtavr128da28.o
 *(.init9)
 *(.text)
 .text          0x000005bc        0x4 /opt/microchip/mplabx/v6.15/packs/Microchip/AVR-Dx_DFP/2.3.272/gcc/dev/avr128da28/avrxmega4/crtavr128da28.o
                0x000005bc                __vector_30
                0x000005bc                __vector_31
                0x000005bc                __vector_38
                0x000005bc                __vector_37
                0x000005bc                __vector_36
                0x000005bc                __vector_33
                0x000005bc                __vector_32
                0x000005bc                __vector_39
                0x000005bc                __vector_35
                0x000005bc                __vector_34
                0x000005bc                __vector_21
                0x000005bc                __vector_22
                0x000005bc                __vector_29
                0x000005bc                __vector_28
                0x000005bc                __vector_27
                0x000005bc                __vector_20
                0x000005bc                __vector_24
                0x000005bc                __vector_23
                0x000005bc                __vector_25
                0x000005bc                __vector_26
                0x000005bc                __vector_12
                0x000005bc                __vector_13
                0x000005bc                __vector_10
                0x000005bc                __vector_19
                0x000005bc                __vector_18
                0x000005bc                __vector_11
                0x000005bc                __vector_3
                0x000005bc                __vector_4
                0x000005bc                __vector_9
                0x000005bc                __vector_2
                0x000005bc                __vector_1
                0x000005bc                __vector_7
                0x000005bc                __vector_6
                0x000005bc                __vector_5
                0x000005bc                __vector_8
                0x000005bc                __vector_15
                0x000005bc                __vector_14
                0x000005bc                __vector_16
                0x000005bc                __vector_17
                0x000005bc                __bad_interrupt
                0x000005bc                __vector_40
                0x000005c0                        . = ALIGN (0x2)
 *(.text.*)
 .text.u8g2_is_intersection_decision_tree
                0x000005c0       0x3e build/default/production/_ext/338157154/u8g2_intersection.o
                0x000005c0                u8g2_is_intersection_decision_tree
 .text.u8g2_IsIntersection
                0x000005fe       0x56 build/default/production/_ext/338157154/u8g2_intersection.o
                0x000005fe                u8g2_IsIntersection
 .text.u8g2_m_8_6_f
                0x00000654        0xc build/default/production/_ext/338157154/u8g2_d_memory.o
                0x00000654                u8g2_m_8_6_f
 .text.u8x8_byte_SendBytes
                0x00000660       0x1a build/default/production/_ext/338157154/u8x8_byte.o
                0x00000660                u8x8_byte_SendBytes
 .text.u8x8_byte_SendByte
                0x0000067a       0x20 build/default/production/_ext/338157154/u8x8_byte.o
                0x0000067a                u8x8_byte_SendByte
 .text.u8x8_byte_StartTransfer
                0x0000069a       0x1a build/default/production/_ext/338157154/u8x8_byte.o
                0x0000069a                u8x8_byte_StartTransfer
 .text.u8x8_byte_EndTransfer
                0x000006b4       0x1a build/default/production/_ext/338157154/u8x8_byte.o
                0x000006b4                u8x8_byte_EndTransfer
 .text.u8x8_dummy_cb
                0x000006ce        0x4 build/default/production/_ext/338157154/u8x8_setup.o
                0x000006ce                u8x8_dummy_cb
 .text.u8x8_SetupDefaults
                0x000006d2       0x30 build/default/production/_ext/338157154/u8x8_setup.o
                0x000006d2                u8x8_SetupDefaults
 .text.u8x8_Setup
                0x00000702       0x56 build/default/production/_ext/338157154/u8x8_setup.o
                0x00000702                u8x8_Setup
 .text.u8x8_ascii_next
                0x00000758       0x1a build/default/production/_ext/338157154/u8x8_8x8.o
                0x00000758                u8x8_ascii_next
 .text.u8x8_utf8_init
                0x00000772        0x6 build/default/production/_ext/338157154/u8x8_8x8.o
                0x00000772                u8x8_utf8_init
 .text.u8g2_font_get_word
                0x00000778       0x18 build/default/production/_ext/338157154/u8g2_font.o
 .text.u8g2_font_calc_vref_font
                0x00000790        0x6 build/default/production/_ext/338157154/u8g2_font.o
                0x00000790                u8g2_font_calc_vref_font
 .text.u8g2_font_calc_vref_top
                0x00000796       0x12 build/default/production/_ext/338157154/u8g2_font.o
                0x00000796                u8g2_font_calc_vref_top
 .text.u8g2_read_font_info
                0x000007a8       0xc2 build/default/production/_ext/338157154/u8g2_font.o
                0x000007a8                u8g2_read_font_info
 .text.u8g2_font_decode_get_unsigned_bits
                0x0000086a       0x62 build/default/production/_ext/338157154/u8g2_font.o
                0x0000086a                u8g2_font_decode_get_unsigned_bits
 .text.u8g2_font_setup_decode
                0x000008cc       0x54 build/default/production/_ext/338157154/u8g2_font.o
 .text.u8g2_font_decode_get_signed_bits
                0x00000920       0x1e build/default/production/_ext/338157154/u8g2_font.o
                0x00000920                u8g2_font_decode_get_signed_bits
 .text.u8g2_add_vector_y
                0x0000093e       0x40 build/default/production/_ext/338157154/u8g2_font.o
                0x0000093e                u8g2_add_vector_y
 .text.u8g2_add_vector_x
                0x0000097e       0x40 build/default/production/_ext/338157154/u8g2_font.o
                0x0000097e                u8g2_add_vector_x
 .text.u8g2_font_decode_len
                0x000009be      0x110 build/default/production/_ext/338157154/u8g2_font.o
                0x000009be                u8g2_font_decode_len
 .text.u8g2_font_decode_glyph
                0x00000ace      0x1d8 build/default/production/_ext/338157154/u8g2_font.o
                0x00000ace                u8g2_font_decode_glyph
 .text.u8g2_font_get_glyph_data
                0x00000ca6      0x128 build/default/production/_ext/338157154/u8g2_font.o
                0x00000ca6                u8g2_font_get_glyph_data
 .text.u8g2_DrawGlyph
                0x00000dce       0xd4 build/default/production/_ext/338157154/u8g2_font.o
                0x00000dce                u8g2_DrawGlyph
 .text.u8g2_draw_string
                0x00000ea2       0xb6 build/default/production/_ext/338157154/u8g2_font.o
 .text.u8g2_DrawStr
                0x00000f58       0x14 build/default/production/_ext/338157154/u8g2_font.o
                0x00000f58                u8g2_DrawStr
 .text.u8g2_UpdateRefHeight
                0x00000f6c       0x88 build/default/production/_ext/338157154/u8g2_font.o
                0x00000f6c                u8g2_UpdateRefHeight
 .text.u8g2_SetFontRefHeightText
                0x00000ff4        0xe build/default/production/_ext/338157154/u8g2_font.o
                0x00000ff4                u8g2_SetFontRefHeightText
 .text.u8g2_SetFontPosBaseline
                0x00001002       0x10 build/default/production/_ext/338157154/u8g2_font.o
                0x00001002                u8g2_SetFontPosBaseline
 .text.u8g2_SetFontPosTop
                0x00001012       0x10 build/default/production/_ext/338157154/u8g2_font.o
                0x00001012                u8g2_SetFontPosTop
 .text.u8g2_SetFont
                0x00001022       0x38 build/default/production/_ext/338157154/u8g2_font.o
                0x00001022                u8g2_SetFont
 .text.u8g2_ll_hvline_vertical_top_lsb
                0x0000105a       0xe0 build/default/production/_ext/338157154/u8g2_ll_hvline.o
                0x0000105a                u8g2_ll_hvline_vertical_top_lsb
 .text.u8g2_draw_hv_line_2dir
                0x0000113a       0x22 build/default/production/_ext/338157154/u8g2_hvline.o
                0x0000113a                u8g2_draw_hv_line_2dir
 .text.u8g2_DrawHVLine
                0x0000115c      0x142 build/default/production/_ext/338157154/u8g2_hvline.o
                0x0000115c                u8g2_DrawHVLine
 .text.u8x8_d_ssd1306_64x48_er
                0x0000129e      0x146 build/default/production/_ext/338157154/u8x8_d_ssd1306_64x48.o
                0x0000129e                u8x8_d_ssd1306_64x48_er
 .text.u8g2_Setup_ssd1306_i2c_64x48_er_f
                0x000013e4       0x64 build/default/production/_ext/338157154/u8g2_d_setup.o
                0x000013e4                u8g2_Setup_ssd1306_i2c_64x48_er_f
 .text.u8x8_d_helper_display_setup_memory
                0x00001448       0x14 build/default/production/_ext/338157154/u8x8_display.o
                0x00001448                u8x8_d_helper_display_setup_memory
 .text.u8x8_d_helper_display_init
                0x0000145c       0x76 build/default/production/_ext/338157154/u8x8_display.o
                0x0000145c                u8x8_d_helper_display_init
 .text.u8x8_DrawTile
                0x000014d2       0x46 build/default/production/_ext/338157154/u8x8_display.o
                0x000014d2                u8x8_DrawTile
 .text.u8x8_SetupMemory
                0x00001518       0x1a build/default/production/_ext/338157154/u8x8_display.o
                0x00001518                u8x8_SetupMemory
 .text.u8x8_InitDisplay
                0x00001532       0x1a build/default/production/_ext/338157154/u8x8_display.o
                0x00001532                u8x8_InitDisplay
 .text.u8x8_SetPowerSave
                0x0000154c       0x1a build/default/production/_ext/338157154/u8x8_display.o
                0x0000154c                u8x8_SetPowerSave
 .text.u8x8_RefreshDisplay
                0x00001566       0x1a build/default/production/_ext/338157154/u8x8_display.o
                0x00001566                u8x8_RefreshDisplay
 .text.u8g2_send_buffer
                0x00001580       0x8a build/default/production/_ext/338157154/u8g2_buffer.o
 .text.u8g2_ClearBuffer
                0x0000160a       0x2e build/default/production/_ext/338157154/u8g2_buffer.o
                0x0000160a                u8g2_ClearBuffer
 .text.u8g2_SendBuffer
                0x00001638       0x1a build/default/production/_ext/338157154/u8g2_buffer.o
                0x00001638                u8g2_SendBuffer
 .text.u8g2_update_dimension_common
                0x00001652       0x96 build/default/production/_ext/338157154/u8g2_setup.o
 .text.u8g2_update_dimension_r0
                0x000016e8        0x6 build/default/production/_ext/338157154/u8g2_setup.o
                0x000016e8                u8g2_update_dimension_r0
 .text.u8g2_apply_clip_window
                0x000016ee       0x9e build/default/production/_ext/338157154/u8g2_setup.o
 .text.u8g2_update_page_win_r0
                0x0000178c       0x28 build/default/production/_ext/338157154/u8g2_setup.o
                0x0000178c                u8g2_update_page_win_r0
 .text.u8g2_draw_l90_r0
                0x000017b4        0xa build/default/production/_ext/338157154/u8g2_setup.o
                0x000017b4                u8g2_draw_l90_r0
 .text.u8g2_SetMaxClipWindow
                0x000017be       0x3c build/default/production/_ext/338157154/u8g2_setup.o
                0x000017be                u8g2_SetMaxClipWindow
 .text.u8g2_SetupBuffer
                0x000017fa       0x68 build/default/production/_ext/338157154/u8g2_setup.o
                0x000017fa                u8g2_SetupBuffer
 .text.u8x8_i2c_data_transfer
                0x00001862       0x44 build/default/production/_ext/338157154/u8x8_cad.o
 .text.u8x8_cad_SendCmd
                0x000018a6       0x1a build/default/production/_ext/338157154/u8x8_cad.o
                0x000018a6                u8x8_cad_SendCmd
 .text.u8x8_cad_SendArg
                0x000018c0       0x1a build/default/production/_ext/338157154/u8x8_cad.o
                0x000018c0                u8x8_cad_SendArg
 .text.u8x8_cad_SendData
                0x000018da       0x1a build/default/production/_ext/338157154/u8x8_cad.o
                0x000018da                u8x8_cad_SendData
 .text.u8x8_cad_StartTransfer
                0x000018f4       0x1a build/default/production/_ext/338157154/u8x8_cad.o
                0x000018f4                u8x8_cad_StartTransfer
 .text.u8x8_cad_EndTransfer
                0x0000190e       0x1a build/default/production/_ext/338157154/u8x8_cad.o
                0x0000190e                u8x8_cad_EndTransfer
 .text.u8x8_cad_SendSequence
                0x00001928       0xa4 build/default/production/_ext/338157154/u8x8_cad.o
                0x00001928                u8x8_cad_SendSequence
 .text.u8x8_cad_ssd13xx_fast_i2c
                0x000019cc      0x100 build/default/production/_ext/338157154/u8x8_cad.o
                0x000019cc                u8x8_cad_ssd13xx_fast_i2c
 .text.u8x8_gpio_call
                0x00001acc       0x16 build/default/production/_ext/338157154/u8x8_gpio.o
                0x00001acc                u8x8_gpio_call
 .text.i2c_init
                0x00001ae2       0x10 build/default/production/_ext/1244890054/twimastertimeout.o
                0x00001ae2                i2c_init
 .text.i2c_start
                0x00001af2       0x6e build/default/production/_ext/1244890054/twimastertimeout.o
                0x00001af2                i2c_start
 .text.i2c_start_wait
                0x00001b60       0x36 build/default/production/_ext/1244890054/twimastertimeout.o
                0x00001b60                i2c_start_wait
 .text.i2c_stop
                0x00001b96        0x8 build/default/production/_ext/1244890054/twimastertimeout.o
                0x00001b96                i2c_stop
 .text.i2c_write
                0x00001b9e       0x42 build/default/production/_ext/1244890054/twimastertimeout.o
                0x00001b9e                i2c_write
 .text.u8x8_byte_avr_hw_i2c
                0x00001be0       0x7a build/default/production/_ext/1901844053/u8x8_avr.o
                0x00001be0                u8x8_byte_avr_hw_i2c
 .text.u8x8_avr_delay
                0x00001c5a       0x7a build/default/production/_ext/1901844053/u8x8_avr.o
                0x00001c5a                u8x8_avr_delay
 .text.main     0x00001cd4       0xb0 build/default/production/_ext/279706397/main.o
                0x00001cd4                main
 .text.libgcc.div
                0x00001d84       0x44 /usr/lib/gcc/avr/13.2.0/avrxmega4/libgcc.a(_udivmodsi4.o)
                0x00001d84                __udivmodsi4
 .text.libgcc.mul
                0x00001dc8       0x1e /usr/lib/gcc/avr/13.2.0/avrxmega4/libgcc.a(_umulhisi3.o)
                0x00001dc8                __umulhisi3
 .text.avr-libc
                0x00001de6        0xe /usr/lib/gcc/avr/13.2.0/../../../../avr/lib/avrxmega4/libc.a(memset.o)
                0x00001de6                memset
                0x00001df4                        . = ALIGN (0x2)
 *(.fini9)
 .fini9         0x00001df4        0x0 /usr/lib/gcc/avr/13.2.0/avrxmega4/libgcc.a(_exit.o)
                0x00001df4                _exit
                0x00001df4                exit
 *(.fini9)
 *(.fini8)
 *(.fini8)
 *(.fini7)
 *(.fini7)
 *(.fini6)
 *(.fini6)
 *(.fini5)
 *(.fini5)
 *(.fini4)
 *(.fini4)
 *(.fini3)
 *(.fini3)
 *(.fini2)
 *(.fini2)
 *(.fini1)
 *(.fini1)
 *(.fini0)
 .fini0         0x00001df4        0x4 /usr/lib/gcc/avr/13.2.0/avrxmega4/libgcc.a(_exit.o)
 *(.fini0)
 *(.hightext)
 *(.hightext*)
 *(.progmemx.*)
                0x00001df8                        . = ALIGN (0x2)
 *(.jumptables)
 *(.jumptables*)
                0x00001df8                        _etext = .

.data           0x00804000       0x7a load address 0x00001df8
                0x00804000                        PROVIDE (__data_start = .)
 *(.data)
 *(.data*)
 *(.gnu.linkonce.d*)
 *(.rodata)
 *(.rodata*)
 .rodata.u8x8_ssd1306_64x48_display_info
                0x00804000       0x18 build/default/production/_ext/338157154/u8x8_d_ssd1306_64x48.o
 .rodata.u8x8_d_ssd1306_64x48_flip1_seq
                0x00804018        0x7 build/default/production/_ext/338157154/u8x8_d_ssd1306_64x48.o
 .rodata.u8x8_d_ssd1306_64x48_flip0_seq
                0x0080401f        0x7 build/default/production/_ext/338157154/u8x8_d_ssd1306_64x48.o
 .rodata.u8x8_d_ssd1306_64x48_powersave1_seq
                0x00804026        0x5 build/default/production/_ext/338157154/u8x8_d_ssd1306_64x48.o
 .rodata.u8x8_d_ssd1306_64x48_powersave0_seq
                0x0080402b        0x5 build/default/production/_ext/338157154/u8x8_d_ssd1306_64x48.o
 .rodata.u8x8_d_ssd1306_64x48_er_init_seq
                0x00804030       0x35 build/default/production/_ext/338157154/u8x8_d_ssd1306_64x48.o
 .rodata.u8g2_cb_r0
                0x00804065        0x6 build/default/production/_ext/338157154/u8g2_setup.o
                0x00804065                u8g2_cb_r0
 .rodata.main.str1.1
                0x0080406b        0xf build/default/production/_ext/279706397/main.o
 *(.gnu.linkonce.r*)
                0x0080407a                        . = ALIGN (0x2)
                0x0080407a                        _edata = .
                0x0080407a                        PROVIDE (__data_end = .)

.bss            0x0080407a      0x1f7
                0x0080407a                        PROVIDE (__bss_start = .)
 *(.bss)
 *(.bss*)
 .bss.buf.147   0x0080407a      0x180 build/default/production/_ext/338157154/u8g2_d_memory.o
 .bss.in_transfer.5
                0x008041fa        0x1 build/default/production/_ext/338157154/u8x8_cad.o
 .bss.u8g2      0x008041fb       0x76 build/default/production/_ext/279706397/main.o
                0x008041fb                u8g2
 *(COMMON)
                0x00804271                        PROVIDE (__bss_end = .)
                0x00001df8                        __data_load_start = LOADADDR (.data)
                0x00001e72                        __data_load_end = (__data_load_start + SIZEOF (.data))

.noinit         0x00804271        0x0
                [!provide]                        PROVIDE (__noinit_start = .)
 *(.noinit .noinit.* .gnu.linkonce.n.*)
                [!provide]                        PROVIDE (__noinit_end = .)
                0x00804271                        _end = .
                [!provide]                        PROVIDE (__heap_start = .)

.eeprom         0x00810000        0x0
 *(.eeprom*)
                0x00810000                        __eeprom_end = .

.fuse
 *(.fuse)
 *(.lfuse)
 *(.hfuse)
 *(.efuse)

.lock
 *(.lock*)

.signature
 *(.signature*)

.stab
 *(.stab)

.stabstr
 *(.stabstr)

.stab.excl
 *(.stab.excl)

.stab.exclstr
 *(.stab.exclstr)

.stab.index
 *(.stab.index)

.stab.indexstr
 *(.stab.indexstr)

.comment        0x00000000       0x12
 *(.comment)
 .comment       0x00000000       0x12 build/default/production/_ext/338157154/u8g2_fonts.o
                                 0x13 (size before relaxing)
 .comment       0x00000012       0x13 build/default/production/_ext/338157154/u8g2_intersection.o
 .comment       0x00000012       0x13 build/default/production/_ext/338157154/u8g2_d_memory.o
 .comment       0x00000012       0x13 build/default/production/_ext/338157154/u8x8_byte.o
 .comment       0x00000012       0x13 build/default/production/_ext/338157154/u8x8_setup.o
 .comment       0x00000012       0x13 build/default/production/_ext/338157154/u8x8_8x8.o
 .comment       0x00000012       0x13 build/default/production/_ext/338157154/u8g2_font.o
 .comment       0x00000012       0x13 build/default/production/_ext/338157154/u8g2_ll_hvline.o
 .comment       0x00000012       0x13 build/default/production/_ext/338157154/u8g2_hvline.o
 .comment       0x00000012       0x13 build/default/production/_ext/338157154/u8x8_d_ssd1306_64x48.o
 .comment       0x00000012       0x13 build/default/production/_ext/338157154/u8g2_d_setup.o
 .comment       0x00000012       0x13 build/default/production/_ext/338157154/u8x8_display.o
 .comment       0x00000012       0x13 build/default/production/_ext/338157154/u8g2_buffer.o
 .comment       0x00000012       0x13 build/default/production/_ext/338157154/u8g2_setup.o
 .comment       0x00000012       0x13 build/default/production/_ext/338157154/u8x8_cad.o
 .comment       0x00000012       0x13 build/default/production/_ext/338157154/u8x8_gpio.o
 .comment       0x00000012       0x13 build/default/production/_ext/1244890054/twimastertimeout.o
 .comment       0x00000012       0x13 build/default/production/_ext/1901844053/u8x8_avr.o
 .comment       0x00000012       0x13 build/default/production/_ext/279706397/main.o

.note.gnu.avr.deviceinfo
                0x00000000       0x40
 .note.gnu.avr.deviceinfo
                0x00000000       0x40 /opt/microchip/mplabx/v6.15/packs/Microchip/AVR-Dx_DFP/2.3.272/gcc/dev/avr128da28/avrxmega4/crtavr128da28.o

.gnu.build.attributes
 *(.gnu.build.attributes .gnu.build.attributes.*)

.note.gnu.build-id
 *(.note.gnu.build-id)

.debug
 *(.debug)

.line
 *(.line)

.debug_srcinfo
 *(.debug_srcinfo)

.debug_sfnames
 *(.debug_sfnames)

.debug_aranges
 *(.debug_aranges)

.debug_pubnames
 *(.debug_pubnames)

.debug_info     0x00000000     0x2504
 *(.debug_info .gnu.linkonce.wi.*)
 .debug_info    0x00000000     0x2504 /opt/microchip/mplabx/v6.15/packs/Microchip/AVR-Dx_DFP/2.3.272/gcc/dev/avr128da28/avrxmega4/crtavr128da28.o

.debug_abbrev   0x00000000     0x230e
 *(.debug_abbrev)
 .debug_abbrev  0x00000000     0x230e /opt/microchip/mplabx/v6.15/packs/Microchip/AVR-Dx_DFP/2.3.272/gcc/dev/avr128da28/avrxmega4/crtavr128da28.o

.debug_line     0x00000000      0x18d
 *(.debug_line .debug_line.* .debug_line_end)
 .debug_line    0x00000000      0x18d /opt/microchip/mplabx/v6.15/packs/Microchip/AVR-Dx_DFP/2.3.272/gcc/dev/avr128da28/avrxmega4/crtavr128da28.o

.debug_frame
 *(.debug_frame)

.debug_str      0x00000000      0xfdc
 *(.debug_str)
 .debug_str     0x00000000      0xfdc /opt/microchip/mplabx/v6.15/packs/Microchip/AVR-Dx_DFP/2.3.272/gcc/dev/avr128da28/avrxmega4/crtavr128da28.o

.debug_loc
 *(.debug_loc)

.debug_macinfo
 *(.debug_macinfo)

.debug_weaknames
 *(.debug_weaknames)

.debug_funcnames
 *(.debug_funcnames)

.debug_typenames
 *(.debug_typenames)

.debug_varnames
 *(.debug_varnames)

.debug_pubtypes
 *(.debug_pubtypes)

.debug_ranges
 *(.debug_ranges)

.debug_addr
 *(.debug_addr)

.debug_line_str
 *(.debug_line_str)

.debug_loclists
 *(.debug_loclists)

.debug_macro
 *(.debug_macro)

.debug_names
 *(.debug_names)

.debug_rnglists
 *(.debug_rnglists)

.debug_str_offsets
 *(.debug_str_offsets)

.debug_sup
 *(.debug_sup)
OUTPUT(dist/default/production/devboard.X.production.elf elf32-avr)
LOAD linker stubs
